{
	"Source": "",
	"CompilerPragma": null,
	"Import": null,
	"Structs": null,
	"Traits": null,
	"Impls": null,
	"Globals": null,
	"Constants": null,
	"Functions": null
}